<p>The project information:</p>
<table class="project-info">
<tr><th>Artifact name</th><td>happy-path</td></tr>
  <tr><th>Version</th><td>0.1.0-SNAPSHOT</th></tr>
  <tr><th>JPMS module name</th><td>alpakka.core</td></tr>
  <tr><th>Readiness level</th><td><div class='readiness-level'>Supported by Lightbend</div>
  <div>Since 0.22, 2018-11-22</div>
  </td></tr>
</table>

<hr/>
<table class="project-info">
<tr><th>Artifact name</th><td>happy-path</td></tr>
  <tr><th>Version</th><td>0.1.0-SNAPSHOT</th></tr>
  <tr><th>JPMS module name</th><td>alpakka.core</td></tr>
  <tr><th>Readiness level</th><td><div class='readiness-level'>Incubating</div>
  <div>Since 0.16, 2018-11-22</div>
  </td></tr>
</table>